[WORKER] TP1: 35949 eligible contacts
Error updating touchpoint progress: Extra data: line 11 column 2 (char 238)
[WORKER] Attachment error: [Errno 2] No such file or directory: 'C:\\Users\\Ethan\\Desktop\\Workspace\\Automation-Platform-master\\automations\\media\\touchpoint_attachments\\MOC_-_Company_Profile_-_2026.pdf'
Error updating touchpoint progress: Extra data: line 11 column 2 (char 238)
[WORKER] Sending to: ethansevenster621@gmail.com
Error updating touchpoint progress: Extra data: line 11 column 2 (char 238)
Error updating touchpoint progress: Extra data: line 11 column 2 (char 238)
[WORKER] Sending to: ethansevenster621@gmail.com
Error updating touchpoint progress: Extra data: line 11 column 2 (char 238)
Error updating touchpoint progress: Extra data: line 11 column 2 (char 238)
[WORKER] Sending to: ethansevenster621@gmail.com
Error updating touchpoint progress: Extra data: line 11 column 2 (char 238)
Error updating touchpoint progress: Extra data: line 11 column 2 (char 238)
[WORKER] Sending to: ethansevenster621@gmail.com
Error updating touchpoint progress: Extra data: line 11 column 2 (char 238)
Error updating touchpoint progress: Extra data: line 11 column 2 (char 238)
[WORKER] Sending to: ethansevenster621@gmail.com
Error updating touchpoint progress: Extra data: line 11 column 2 (char 238)
Error updating touchpoint progress: Extra data: line 11 column 2 (char 238)
[WORKER] Sending to: ethansevenster621@gmail.com
Error updating touchpoint progress: Extra data: line 11 column 2 (char 238)
Error updating touchpoint progress: Extra data: line 11 column 2 (char 238)
[WORKER] Sending to: ethansevenster621@gmail.com
Error updating touchpoint progress: Extra data: line 11 column 2 (char 238)
Error updating touchpoint progress: Extra data: line 11 column 2 (char 238)
[WORKER] Sending to: ethansevenster621@gmail.com
Error updating touchpoint progress: Extra data: line 11 column 2 (char 238)
Error updating touchpoint progress: Extra data: line 11 column 2 (char 238)
[WORKER] Sending to: ethansevenster621@gmail.com
Error updating touchpoint progress: Extra data: line 11 column 2 (char 238)
Error updating touchpoint progress: Extra data: line 11 column 2 (char 238)
[WORKER] Sending to: ethansevenster621@gmail.com
Error updating touchpoint progress: Extra data: line 11 column 2 (char 238)
Error updating touchpoint progress: Extra data: line 11 column 2 (char 238)
[WORKER] Sending to: ethansevenster621@gmail.com
Error updating touchpoint progress: Extra data: line 11 column 2 (char 238)
Error updating touchpoint progress: Extra data: line 11 column 2 (char 238)
[WORKER] Sending to: ethansevenster621@gmail.com
Error updating touchpoint progress: Extra data: line 11 column 2 (char 238)
[WORKER] Sending to: ethansevenster621@gmail.com
[WORKER] Sending to: ethansevenster621@gmail.com
[WORKER] Sending to: ethansevenster621@gmail.com
[WORKER] Sending to: ethansevenster621@gmail.com
[WORKER] Sending to: ethansevenster621@gmail.com
[WORKER] Sending to: ethansevenster621@gmail.com
[WORKER] Sending to: ethansevenster621@gmail.com
[WORKER] Sending to: ethansevenster621@gmail.com
[WORKER] Sending to: ethansevenster621@gmail.com
[WORKER] Sending to: ethansevenster621@gmail.com
[WORKER] Sending to: ethansevenster621@gmail.com
[WORKER] Sending to: ethansevenster621@gmail.com
[WORKER] Sending to: ethansevenster621@gmail.com
[WORKER] Sending to: ethansevenster621@gmail.com
[WORKER] Sending to: ethansevenster621@gmail.com
[WORKER] Sending to: ethansevenster621@gmail.com
[WORKER] Sending to: ethansevenster621@gmail.com
[WORKER] Sending to: ethansevenster621@gmail.com
[WORKER] Sending to: ethansevenster621@gmail.com
[WORKER] Stopped by user — sent: 31, failed: 0
