[WORKER] TP1: 36010 eligible contacts
[WORKER] Attachment error: [Errno 2] No such file or directory: 'C:\\Users\\Ethan\\Desktop\\Workspace\\Automation-Platform-master\\automations\\media\\touchpoint_attachments\\MOC_-_Company_Profile_-_2026.pdf'
[WORKER] Sending to: ethansevenster621@gmail.com
[WORKER] Sending to: ethansevenster621@gmail.com
[WORKER] Sending to: ethansevenster621@gmail.com
[WORKER] Sending to: ethansevenster621@gmail.com
[WORKER] Sending to: ethansevenster621@gmail.com
[WORKER] Sending to: ethansevenster621@gmail.com
[WORKER] Sending to: ethansevenster621@gmail.com
[WORKER] Sending to: ethansevenster621@gmail.com
[WORKER] Sending to: ethansevenster621@gmail.com
[WORKER] Sending to: ethansevenster621@gmail.com
[WORKER] Sending to: ethansevenster621@gmail.com
[WORKER] Sending to: ethansevenster621@gmail.com
[WORKER] Sending to: ethansevenster621@gmail.com
[WORKER] Sending to: ethansevenster621@gmail.com
[WORKER] Sending to: ethansevenster621@gmail.com
[WORKER] Sending to: ethansevenster621@gmail.com
Error updating touchpoint progress: Expecting value: line 1 column 1 (char 0)
[WORKER] Sending to: ethansevenster621@gmail.com
[WORKER] Sending to: ethansevenster621@gmail.com
Error updating touchpoint progress: Extra data: line 11 column 2 (char 238)
[WORKER] Sending to: ethansevenster621@gmail.com
Error updating touchpoint progress: Extra data: line 11 column 2 (char 238)
Error updating touchpoint progress: Extra data: line 11 column 2 (char 238)
[WORKER] Sending to: ethansevenster621@gmail.com
Error updating touchpoint progress: Extra data: line 11 column 2 (char 238)
Error updating touchpoint progress: Extra data: line 11 column 2 (char 238)
[WORKER] Sending to: ethansevenster621@gmail.com
Error updating touchpoint progress: Extra data: line 11 column 2 (char 238)
Error updating touchpoint progress: Extra data: line 11 column 2 (char 238)
[WORKER] Sending to: ethansevenster621@gmail.com
Error updating touchpoint progress: Extra data: line 11 column 2 (char 238)
Error updating touchpoint progress: Extra data: line 11 column 2 (char 238)
[WORKER] Sending to: ethansevenster621@gmail.com
Error updating touchpoint progress: Extra data: line 11 column 2 (char 238)
Error updating touchpoint progress: Extra data: line 11 column 2 (char 238)
[WORKER] Sending to: ethansevenster621@gmail.com
Error updating touchpoint progress: Extra data: line 11 column 2 (char 238)
Error updating touchpoint progress: Extra data: line 11 column 2 (char 238)
[WORKER] Sending to: ethansevenster621@gmail.com
Error updating touchpoint progress: Extra data: line 11 column 2 (char 238)
Error updating touchpoint progress: Extra data: line 11 column 2 (char 238)
[WORKER] Sending to: ethansevenster621@gmail.com
Error updating touchpoint progress: Extra data: line 11 column 2 (char 238)
Error updating touchpoint progress: Extra data: line 11 column 2 (char 238)
[WORKER] Sending to: ethansevenster621@gmail.com
Error updating touchpoint progress: Extra data: line 11 column 2 (char 238)
Error updating touchpoint progress: Extra data: line 11 column 2 (char 238)
[WORKER] Sending to: ethansevenster621@gmail.com
Error updating touchpoint progress: Extra data: line 11 column 2 (char 238)
Error updating touchpoint progress: Extra data: line 11 column 2 (char 238)
[WORKER] Sending to: ethansevenster621@gmail.com
Error updating touchpoint progress: Extra data: line 11 column 2 (char 238)
Error updating touchpoint progress: Extra data: line 11 column 2 (char 238)
[WORKER] Sending to: ethansevenster621@gmail.com
Error updating touchpoint progress: Extra data: line 11 column 2 (char 238)
Error updating touchpoint progress: Extra data: line 11 column 2 (char 238)
[WORKER] Sending to: ethansevenster621@gmail.com
Error updating touchpoint progress: Extra data: line 11 column 2 (char 238)
Error updating touchpoint progress: Extra data: line 11 column 2 (char 238)
[WORKER] Sending to: ethansevenster621@gmail.com
Error updating touchpoint progress: Extra data: line 11 column 2 (char 238)
Error updating touchpoint progress: Extra data: line 11 column 2 (char 238)
[WORKER] Sending to: ethansevenster621@gmail.com
Error updating touchpoint progress: Extra data: line 11 column 2 (char 238)
Error updating touchpoint progress: Extra data: line 11 column 2 (char 238)
[WORKER] Sending to: ethansevenster621@gmail.com
Error updating touchpoint progress: Extra data: line 11 column 2 (char 238)
Error updating touchpoint progress: Extra data: line 11 column 2 (char 238)
[WORKER] Sending to: ethansevenster621@gmail.com
Error updating touchpoint progress: Extra data: line 11 column 2 (char 238)
Error updating touchpoint progress: Extra data: line 11 column 2 (char 238)
[WORKER] Sending to: ethansevenster621@gmail.com
Error updating touchpoint progress: Extra data: line 11 column 2 (char 238)
Error updating touchpoint progress: Extra data: line 11 column 2 (char 238)
[WORKER] Sending to: ethansevenster621@gmail.com
Error updating touchpoint progress: Extra data: line 11 column 2 (char 238)
Error updating touchpoint progress: Extra data: line 11 column 2 (char 238)
[WORKER] Sending to: ethansevenster621@gmail.com
Error updating touchpoint progress: Extra data: line 11 column 2 (char 238)
Error updating touchpoint progress: Extra data: line 11 column 2 (char 238)
[WORKER] Sending to: ethansevenster621@gmail.com
Error updating touchpoint progress: Extra data: line 11 column 2 (char 238)
Error updating touchpoint progress: Extra data: line 11 column 2 (char 238)
[WORKER] Sending to: ethansevenster621@gmail.com
Error updating touchpoint progress: Extra data: line 11 column 2 (char 238)
Error updating touchpoint progress: Extra data: line 11 column 2 (char 238)
[WORKER] Sending to: ethansevenster621@gmail.com
Error updating touchpoint progress: Extra data: line 11 column 2 (char 238)
Error updating touchpoint progress: Extra data: line 11 column 2 (char 238)
[WORKER] Sending to: ethansevenster621@gmail.com
Error updating touchpoint progress: Extra data: line 11 column 2 (char 238)
Error updating touchpoint progress: Extra data: line 11 column 2 (char 238)
[WORKER] Sending to: ethansevenster621@gmail.com
Error updating touchpoint progress: Extra data: line 11 column 2 (char 238)
Error updating touchpoint progress: Extra data: line 11 column 2 (char 238)
[WORKER] Sending to: ethansevenster621@gmail.com
Error updating touchpoint progress: Extra data: line 11 column 2 (char 238)
Error updating touchpoint progress: Extra data: line 11 column 2 (char 238)
[WORKER] Sending to: ethansevenster621@gmail.com
Error updating touchpoint progress: Extra data: line 11 column 2 (char 238)
Error updating touchpoint progress: Extra data: line 11 column 2 (char 238)
[WORKER] Sending to: ethansevenster621@gmail.com
Error updating touchpoint progress: Extra data: line 11 column 2 (char 238)
Error updating touchpoint progress: Extra data: line 11 column 2 (char 238)
[WORKER] Sending to: ethansevenster621@gmail.com
Error updating touchpoint progress: Extra data: line 11 column 2 (char 238)
Error updating touchpoint progress: Extra data: line 11 column 2 (char 238)
[WORKER] Sending to: ethansevenster621@gmail.com
Error updating touchpoint progress: Extra data: line 11 column 2 (char 238)
Error updating touchpoint progress: Extra data: line 11 column 2 (char 238)
[WORKER] Sending to: ethansevenster621@gmail.com
Error updating touchpoint progress: Extra data: line 11 column 2 (char 238)
Error updating touchpoint progress: Extra data: line 11 column 2 (char 238)
[WORKER] Sending to: ethansevenster621@gmail.com
Error updating touchpoint progress: Extra data: line 11 column 2 (char 238)
Error updating touchpoint progress: Extra data: line 11 column 2 (char 238)
[WORKER] Sending to: ethansevenster621@gmail.com
Error updating touchpoint progress: Extra data: line 11 column 2 (char 238)
Error updating touchpoint progress: Extra data: line 11 column 2 (char 238)
[WORKER] Sending to: ethansevenster621@gmail.com
Error updating touchpoint progress: Extra data: line 11 column 2 (char 238)
Error updating touchpoint progress: Extra data: line 11 column 2 (char 238)
[WORKER] Sending to: ethansevenster621@gmail.com
Error updating touchpoint progress: Extra data: line 11 column 2 (char 238)
Error updating touchpoint progress: Extra data: line 11 column 2 (char 238)
[WORKER] Sending to: ethansevenster621@gmail.com
Error updating touchpoint progress: Extra data: line 11 column 2 (char 238)
Error updating touchpoint progress: Extra data: line 11 column 2 (char 238)
[WORKER] Sending to: ethansevenster621@gmail.com
Error updating touchpoint progress: Extra data: line 11 column 2 (char 238)
Error updating touchpoint progress: Extra data: line 11 column 2 (char 238)
[WORKER] Sending to: ethansevenster621@gmail.com
Error updating touchpoint progress: Extra data: line 11 column 2 (char 238)
Error updating touchpoint progress: Extra data: line 11 column 2 (char 238)
[WORKER] Sending to: ethansevenster621@gmail.com
Error updating touchpoint progress: Extra data: line 11 column 2 (char 238)
Error updating touchpoint progress: Extra data: line 11 column 2 (char 238)
[WORKER] Sending to: ethansevenster621@gmail.com
Error updating touchpoint progress: Extra data: line 11 column 2 (char 238)
Error updating touchpoint progress: Extra data: line 11 column 2 (char 238)
[WORKER] Sending to: ethansevenster621@gmail.com
Error updating touchpoint progress: Extra data: line 11 column 2 (char 238)
Error updating touchpoint progress: Extra data: line 11 column 2 (char 238)
[WORKER] Sending to: ethansevenster621@gmail.com
Error updating touchpoint progress: Extra data: line 11 column 2 (char 238)
Error updating touchpoint progress: Extra data: line 11 column 2 (char 238)
[WORKER] Sending to: ethansevenster621@gmail.com
Error updating touchpoint progress: Extra data: line 11 column 2 (char 238)
Error updating touchpoint progress: Extra data: line 11 column 2 (char 238)
[WORKER] Stopped by user — sent: 61, failed: 0
