OneDrive token refresh error: Extra data: line 1 column 6324 (char 6323)
OneDrive token refresh error: Extra data: line 1 column 6324 (char 6323)
[WORKER] TP1: 35931 eligible contacts
Error updating touchpoint progress: Extra data: line 29 column 2 (char 766)
Error updating touchpoint progress: Extra data: line 29 column 2 (char 766)
[WORKER] Sending to: ethansevenster621@gmail.com
Error updating touchpoint progress: Extra data: line 29 column 2 (char 766)
Error updating touchpoint progress: Extra data: line 29 column 2 (char 766)
[WORKER] Sending to: ethansevenster621@gmail.com
Error updating touchpoint progress: Extra data: line 29 column 2 (char 766)
Error updating touchpoint progress: Extra data: line 29 column 2 (char 766)
[WORKER] Sending to: ethansevenster621@gmail.com
Error updating touchpoint progress: Extra data: line 29 column 2 (char 766)
Error updating touchpoint progress: Extra data: line 29 column 2 (char 766)
[WORKER] Sending to: ethansevenster621@gmail.com
Error updating touchpoint progress: Extra data: line 29 column 2 (char 766)
Error updating touchpoint progress: Extra data: line 29 column 2 (char 766)
[WORKER] Sending to: ethansevenster621@gmail.com
Error updating touchpoint progress: Extra data: line 29 column 2 (char 766)
Error updating touchpoint progress: Extra data: line 29 column 2 (char 766)
[WORKER] Sending to: ethansevenster621@gmail.com
Error updating touchpoint progress: Extra data: line 29 column 2 (char 766)
Error updating touchpoint progress: Extra data: line 29 column 2 (char 766)
[WORKER] Sending to: ethansevenster621@gmail.com
Error updating touchpoint progress: Extra data: line 29 column 2 (char 766)
Error updating touchpoint progress: Extra data: line 29 column 2 (char 766)
[WORKER] Sending to: ethansevenster621@gmail.com
Error updating touchpoint progress: Extra data: line 29 column 2 (char 766)
Error updating touchpoint progress: Extra data: line 29 column 2 (char 766)
[WORKER] Sending to: ethansevenster621@gmail.com
Error updating touchpoint progress: Extra data: line 29 column 2 (char 766)
Error updating touchpoint progress: Extra data: line 29 column 2 (char 766)
[WORKER] Sending to: ethansevenster621@gmail.com
Error updating touchpoint progress: Extra data: line 29 column 2 (char 766)
Error updating touchpoint progress: Extra data: line 29 column 2 (char 766)
[WORKER] Sending to: ethansevenster621@gmail.com
Error updating touchpoint progress: Extra data: line 29 column 2 (char 766)
Error updating touchpoint progress: Extra data: line 29 column 2 (char 766)
[WORKER] Sending to: ethansevenster621@gmail.com
Error updating touchpoint progress: Extra data: line 29 column 2 (char 766)
Error updating touchpoint progress: Extra data: line 29 column 2 (char 766)
[WORKER] Sending to: ethansevenster621@gmail.com
Error updating touchpoint progress: Extra data: line 29 column 2 (char 766)
Error updating touchpoint progress: Extra data: line 29 column 2 (char 766)
[WORKER] Sending to: ethansevenster621@gmail.com
Error updating touchpoint progress: Extra data: line 29 column 2 (char 766)
Error updating touchpoint progress: Extra data: line 29 column 2 (char 766)
[WORKER] Sending to: ethansevenster621@gmail.com
OneDrive token refresh error: Extra data: line 1 column 6324 (char 6323)
Error updating touchpoint progress: Extra data: line 29 column 2 (char 766)
Error updating touchpoint progress: Extra data: line 29 column 2 (char 766)
[WORKER] Sending to: ethansevenster621@gmail.com
Error updating touchpoint progress: Extra data: line 29 column 2 (char 766)
Error updating touchpoint progress: Extra data: line 29 column 2 (char 766)
[WORKER] Sending to: ethansevenster621@gmail.com
Error updating touchpoint progress: Extra data: line 29 column 2 (char 766)
Error updating touchpoint progress: Extra data: line 29 column 2 (char 766)
[WORKER] Sending to: ethansevenster621@gmail.com
Error updating touchpoint progress: Extra data: line 29 column 2 (char 766)
Error updating touchpoint progress: Extra data: line 29 column 2 (char 766)
[WORKER] Sending to: ethansevenster621@gmail.com
Error updating touchpoint progress: Extra data: line 29 column 2 (char 766)
Error updating touchpoint progress: Extra data: line 29 column 2 (char 766)
[WORKER] Sending to: ethansevenster621@gmail.com
Error updating touchpoint progress: Extra data: line 29 column 2 (char 766)
Error updating touchpoint progress: Extra data: line 29 column 2 (char 766)
[WORKER] Sending to: ethansevenster621@gmail.com
Error updating touchpoint progress: Extra data: line 29 column 2 (char 766)
Error updating touchpoint progress: Extra data: line 29 column 2 (char 766)
[WORKER] Sending to: ethansevenster621@gmail.com
Error updating touchpoint progress: Extra data: line 29 column 2 (char 766)
Error updating touchpoint progress: Extra data: line 29 column 2 (char 766)
[WORKER] Sending to: ethansevenster621@gmail.com
Error updating touchpoint progress: Extra data: line 29 column 2 (char 766)
Error updating touchpoint progress: Extra data: line 29 column 2 (char 766)
[WORKER] Sending to: ethansevenster621@gmail.com
Error updating touchpoint progress: Extra data: line 29 column 2 (char 766)
Error updating touchpoint progress: Extra data: line 29 column 2 (char 766)
[WORKER] Sending to: ethansevenster621@gmail.com
Error updating touchpoint progress: Extra data: line 29 column 2 (char 766)
Error updating touchpoint progress: Extra data: line 29 column 2 (char 766)
[WORKER] Sending to: ethansevenster621@gmail.com
Error updating touchpoint progress: Extra data: line 29 column 2 (char 766)
Error updating touchpoint progress: Extra data: line 29 column 2 (char 766)
[WORKER] Sending to: ethansevenster621@gmail.com
Error updating touchpoint progress: Extra data: line 29 column 2 (char 766)
Error updating touchpoint progress: Extra data: line 29 column 2 (char 766)
[WORKER] Stopped by user — sent: 27, failed: 0
